e: file:///home/ubuntu/Code/Android/nap511/app/src/main/java/github/zerorooot/nap511/MainActivity.kt:94:44 Unresolved reference 'viewModel'.
e: file:///home/ubuntu/Code/Android/nap511/app/src/main/java/github/zerorooot/nap511/MainActivity.kt:95:58 Unresolved reference 'viewModel'.
e: file:///home/ubuntu/Code/Android/nap511/app/src/main/java/github/zerorooot/nap511/MainActivity.kt:96:50 Unresolved reference 'viewModel'.
e: file:///home/ubuntu/Code/Android/nap511/app/src/main/java/github/zerorooot/nap511/screen/MainNavigation.kt:113:40 Unresolved reference 'Login'.
e: file:///home/ubuntu/Code/Android/nap511/app/src/main/java/github/zerorooot/nap511/screen/PhotoScreen.kt:77:36 Unresolved reference 'imageBeanCache'.
e: file:///home/ubuntu/Code/Android/nap511/app/src/main/java/github/zerorooot/nap511/screen/dialogs/UnzipDialog.kt:61:25 Type 'MutableState<ZipBeanList>' has no method 'getValue(Nothing?, KProperty0<*>)', so it cannot serve as a delegate.
e: file:///home/ubuntu/Code/Android/nap511/app/src/main/java/github/zerorooot/nap511/screen/dialogs/UtilityDialogs.kt:73:13 Unresolved reference 'TextFieldValue'.
e: file:///home/ubuntu/Code/Android/nap511/app/src/main/java/github/zerorooot/nap511/screen/dialogs/UtilityDialogs.kt:86:35 Unresolved reference 'text'.
e: file:///home/ubuntu/Code/Android/nap511/app/src/main/java/github/zerorooot/nap511/screen/dialogs/UtilityDialogs.kt:87:24 Unresolved reference 'TextFieldValue'.
e: file:///home/ubuntu/Code/Android/nap511/app/src/main/java/github/zerorooot/nap511/screen/dialogs/UtilityDialogs.kt:101:28 Unresolved reference 'TextFieldValue'.
e: file:///home/ubuntu/Code/Android/nap511/app/src/main/java/github/zerorooot/nap511/screen/dialogs/UtilityDialogs.kt:125:40 Unresolved reference 'TextFieldValue'.
e: file:///home/ubuntu/Code/Android/nap511/app/src/main/java/github/zerorooot/nap511/screen/dialogs/UtilityDialogs.kt:131:28 Unresolved reference 'it'.
e: file:///home/ubuntu/Code/Android/nap511/app/src/main/java/github/zerorooot/nap511/screen/dialogs/UtilityDialogs.kt:158:17 Unresolved reference 'Image'.
e: file:///home/ubuntu/Code/Android/nap511/app/src/main/java/github/zerorooot/nap511/viewmodel/FileViewModel.kt:94:20 Unresolved reference 'mutableStateMapOf'.
e: file:///home/ubuntu/Code/Android/nap511/app/src/main/java/github/zerorooot/nap511/viewmodel/FileViewModel.kt:536:65 Unresolved reference 'data'.
e: file:///home/ubuntu/Code/Android/nap511/app/src/main/java/github/zerorooot/nap511/viewmodel/FileViewModel.kt:537:69 Unresolved reference 'name'.
e: file:///home/ubuntu/Code/Android/nap511/app/src/main/java/github/zerorooot/nap511/viewmodel/FileViewModel.kt:538:69 Unresolved reference 'name'.
e: file:///home/ubuntu/Code/Android/nap511/app/src/main/java/github/zerorooot/nap511/viewmodel/FileViewModel.kt:539:75 Unresolved reference 'updateTime'.
e: file:///home/ubuntu/Code/Android/nap511/app/src/main/java/github/zerorooot/nap511/viewmodel/FileViewModel.kt:605:39 Unresolved reference 'getZipFileList'.
e: file:///home/ubuntu/Code/Android/nap511/app/src/main/java/github/zerorooot/nap511/viewmodel/FileViewModel.kt:607:25 Unresolved reference 'pathString'.
e: file:///home/ubuntu/Code/Android/nap511/app/src/main/java/github/zerorooot/nap511/viewmodel/FileViewModel.kt:608:25 Unresolved reference 'list'.
e: file:///home/ubuntu/Code/Android/nap511/app/src/main/java/github/zerorooot/nap511/viewmodel/FileViewModel.kt:609:33 Unresolved reference 'fileCategory'.
e: file:///home/ubuntu/Code/Android/nap511/app/src/main/java/github/zerorooot/nap511/viewmodel/FileViewModel.kt:610:33 Unresolved reference 'fileIco'.
e: file:///home/ubuntu/Code/Android/nap511/app/src/main/java/github/zerorooot/nap511/viewmodel/FileViewModel.kt:612:33 Unresolved reference 'timeString'.
e: file:///home/ubuntu/Code/Android/nap511/app/src/main/java/github/zerorooot/nap511/viewmodel/FileViewModel.kt:614:41 Unresolved reference 'time'.
e: file:///home/ubuntu/Code/Android/nap511/app/src/main/java/github/zerorooot/nap511/viewmodel/FileViewModel.kt:616:39 Unresolved reference 'icoString'.
e: file:///home/ubuntu/Code/Android/nap511/app/src/main/java/github/zerorooot/nap511/viewmodel/FileViewModel.kt:617:46 Unresolved reference 'fileIco'.
e: file:///home/ubuntu/Code/Android/nap511/app/src/main/java/github/zerorooot/nap511/viewmodel/FileViewModel.kt:618:46 Unresolved reference 'fileIco'.
e: file:///home/ubuntu/Code/Android/nap511/app/src/main/java/github/zerorooot/nap511/viewmodel/FileViewModel.kt:619:46 Unresolved reference 'fileIco'.
e: file:///home/ubuntu/Code/Android/nap511/app/src/main/java/github/zerorooot/nap511/viewmodel/FileViewModel.kt:620:45 Unresolved reference 'fileIco'.
e: file:///home/ubuntu/Code/Android/nap511/app/src/main/java/github/zerorooot/nap511/viewmodel/FileViewModel.kt:621:46 Unresolved reference 'fileIco'.
e: file:///home/ubuntu/Code/Android/nap511/app/src/main/java/github/zerorooot/nap511/viewmodel/FileViewModel.kt:622:46 Unresolved reference 'fileIco'.
e: file:///home/ubuntu/Code/Android/nap511/app/src/main/java/github/zerorooot/nap511/viewmodel/FileViewModel.kt:623:46 Unresolved reference 'fileIco'.
e: file:///home/ubuntu/Code/Android/nap511/app/src/main/java/github/zerorooot/nap511/viewmodel/FileViewModel.kt:624:46 Unresolved reference 'fileIco'.
e: file:///home/ubuntu/Code/Android/nap511/app/src/main/java/github/zerorooot/nap511/viewmodel/FileViewModel.kt:625:46 Unresolved reference 'fileIco'.
e: file:///home/ubuntu/Code/Android/nap511/app/src/main/java/github/zerorooot/nap511/viewmodel/FileViewModel.kt:626:50 Unresolved reference 'fileIco'.
e: file:///home/ubuntu/Code/Android/nap511/app/src/main/java/github/zerorooot/nap511/viewmodel/FileViewModel.kt:696:29 Unresolved reference 'application'.
e: file:///home/ubuntu/Code/Android/nap511/app/src/main/java/github/zerorooot/nap511/viewmodel/OfflineFileViewModel.kt:92:21 Unresolved reference 'application'.
e: file:///home/ubuntu/Code/Android/nap511/app/src/main/java/github/zerorooot/nap511/viewmodel/OfflineFileViewModel.kt:97:25 Unresolved reference 'application'.
e: file:///home/ubuntu/Code/Android/nap511/app/src/main/java/github/zerorooot/nap511/viewmodel/OfflineFileViewModel.kt:139:17 Unresolved reference 'application'.
