> Task :app:preBuild UP-TO-DATE
> Task :app:preDebugBuild UP-TO-DATE
> Task :app:mergeDebugNativeDebugMetadata NO-SOURCE
> Task :app:generateDebugResources UP-TO-DATE
> Task :app:packageDebugResources UP-TO-DATE
> Task :app:processDebugNavigationResources UP-TO-DATE
> Task :app:parseDebugLocalResources UP-TO-DATE
> Task :app:generateDebugRFile UP-TO-DATE
> Task :app:javaPreCompileDebug UP-TO-DATE
> Task :app:generateDebugAssets UP-TO-DATE
> Task :app:mergeDebugAssets UP-TO-DATE
> Task :app:compressDebugAssets UP-TO-DATE
> Task :app:generateDebugGlobalSynthetics UP-TO-DATE
> Task :app:checkDebugDuplicateClasses UP-TO-DATE
> Task :app:desugarDebugFileDependencies UP-TO-DATE
> Task :app:mergeExtDexDebug UP-TO-DATE
> Task :app:mergeLibDexDebug UP-TO-DATE
> Task :app:checkDebugAarMetadata UP-TO-DATE
> Task :app:mapDebugSourceSetPaths UP-TO-DATE
> Task :app:compileDebugNavigationResources UP-TO-DATE
> Task :app:mergeDebugResources UP-TO-DATE
> Task :app:createDebugCompatibleScreenManifests UP-TO-DATE
> Task :app:extractDeepLinksDebug UP-TO-DATE
> Task :app:processDebugMainManifest UP-TO-DATE
> Task :app:processDebugManifest UP-TO-DATE
> Task :app:processDebugManifestForPackage UP-TO-DATE
> Task :app:processDebugResources UP-TO-DATE
> Task :app:mergeDebugJniLibFolders UP-TO-DATE
> Task :app:mergeDebugNativeLibs UP-TO-DATE
> Task :app:stripDebugDebugSymbols UP-TO-DATE
> Task :app:validateSigningDebug UP-TO-DATE
> Task :app:writeDebugAppMetadata UP-TO-DATE
> Task :app:writeDebugSigningConfigVersions UP-TO-DATE

> Task :app:compileDebugKotlin FAILED
e: file:///home/ubuntu/Code/Android/nap511/app/src/main/java/github/zerorooot/nap511/viewmodel/FileViewModel.kt:523:59 Argument type mismatch: actual type is 'HashMap<Int, ImageBean>?', but 'HashMap<Int, ImageBean>' was expected.
e: file:///home/ubuntu/Code/Android/nap511/app/src/main/java/github/zerorooot/nap511/viewmodel/FileViewModel.kt:543:65 Unresolved reference 'data'.
e: file:///home/ubuntu/Code/Android/nap511/app/src/main/java/github/zerorooot/nap511/viewmodel/FileViewModel.kt:544:69 Unresolved reference 'name'.
e: file:///home/ubuntu/Code/Android/nap511/app/src/main/java/github/zerorooot/nap511/viewmodel/FileViewModel.kt:545:75 Unresolved reference 'updateTime'.
e: file:///home/ubuntu/Code/Android/nap511/app/src/main/java/github/zerorooot/nap511/viewmodel/FileViewModel.kt:612:38 None of the following candidates is applicable:

fun <T : Any!> fromJson(p0: String!, p1: Class<T!>!): T!:
  Argument type mismatch: actual type is 'ZipBeanList', but 'String!' was expected.

fun <T : Any!> fromJson(p0: String!, p1: Type!): T!:
  Argument type mismatch: actual type is 'ZipBeanList', but 'String!' was expected.

fun <T : Any!> fromJson(p0: String!, p1: TypeToken<T!>!): T!:
  Argument type mismatch: actual type is 'ZipBeanList', but 'String!' was expected.
  Argument type mismatch: actual type is 'Class<ZipBeanList>', but 'TypeToken<uninferred T! (of fun <T : Any!> fromJson)>!' was expected.

fun <T : Any!> fromJson(p0: Reader!, p1: Class<T!>!): T!:
  Argument type mismatch: actual type is 'ZipBeanList', but 'Reader!' was expected.

fun <T : Any!> fromJson(p0: Reader!, p1: Type!): T!:
  Argument type mismatch: actual type is 'ZipBeanList', but 'Reader!' was expected.

fun <T : Any!> fromJson(p0: Reader!, p1: TypeToken<T!>!): T!:
  Argument type mismatch: actual type is 'ZipBeanList', but 'Reader!' was expected.
  Argument type mismatch: actual type is 'Class<ZipBeanList>', but 'TypeToken<uninferred T! (of fun <T : Any!> fromJson)>!' was expected.

fun <T : Any!> fromJson(p0: JsonReader!, p1: Type!): T!:
  Argument type mismatch: actual type is 'ZipBeanList', but 'JsonReader!' was expected.

fun <T : Any!> fromJson(p0: JsonReader!, p1: TypeToken<T!>!): T!:
  Argument type mismatch: actual type is 'ZipBeanList', but 'JsonReader!' was expected.
  Argument type mismatch: actual type is 'Class<ZipBeanList>', but 'TypeToken<uninferred T! (of fun <T : Any!> fromJson)>!' was expected.

fun <T : Any!> fromJson(p0: JsonElement!, p1: Class<T!>!): T!:
  Argument type mismatch: actual type is 'ZipBeanList', but 'JsonElement!' was expected.

fun <T : Any!> fromJson(p0: JsonElement!, p1: Type!): T!:
  Argument type mismatch: actual type is 'ZipBeanList', but 'JsonElement!' was expected.

fun <T : Any!> fromJson(p0: JsonElement!, p1: TypeToken<T!>!): T!:
  Argument type mismatch: actual type is 'ZipBeanList', but 'JsonElement!' was expected.
  Argument type mismatch: actual type is 'Class<ZipBeanList>', but 'TypeToken<uninferred T! (of fun <T : Any!> fromJson)>!' was expected.
e: file:///home/ubuntu/Code/Android/nap511/app/src/main/java/github/zerorooot/nap511/viewmodel/FileViewModel.kt:613:25 Unresolved reference 'pathString'.
e: file:///home/ubuntu/Code/Android/nap511/app/src/main/java/github/zerorooot/nap511/viewmodel/FileViewModel.kt:614:25 Unresolved reference 'list'.
e: file:///home/ubuntu/Code/Android/nap511/app/src/main/java/github/zerorooot/nap511/viewmodel/FileViewModel.kt:614:40 Cannot infer type for value parameter 'zipFileBean'. Specify it explicitly.
e: file:///home/ubuntu/Code/Android/nap511/app/src/main/java/github/zerorooot/nap511/viewmodel/FileViewModel.kt:615:33 Unresolved reference 'fileCategory'.
e: file:///home/ubuntu/Code/Android/nap511/app/src/main/java/github/zerorooot/nap511/viewmodel/FileViewModel.kt:616:33 Unresolved reference 'fileIco'.
e: file:///home/ubuntu/Code/Android/nap511/app/src/main/java/github/zerorooot/nap511/viewmodel/FileViewModel.kt:618:33 Unresolved reference 'timeString'.
e: file:///home/ubuntu/Code/Android/nap511/app/src/main/java/github/zerorooot/nap511/viewmodel/FileViewModel.kt:620:41 Unresolved reference 'time'.
e: file:///home/ubuntu/Code/Android/nap511/app/src/main/java/github/zerorooot/nap511/viewmodel/FileViewModel.kt:622:39 Unresolved reference 'icoString'.
e: file:///home/ubuntu/Code/Android/nap511/app/src/main/java/github/zerorooot/nap511/viewmodel/FileViewModel.kt:623:46 Unresolved reference 'fileIco'.
e: file:///home/ubuntu/Code/Android/nap511/app/src/main/java/github/zerorooot/nap511/viewmodel/FileViewModel.kt:624:46 Unresolved reference 'fileIco'.
e: file:///home/ubuntu/Code/Android/nap511/app/src/main/java/github/zerorooot/nap511/viewmodel/FileViewModel.kt:625:46 Unresolved reference 'fileIco'.
e: file:///home/ubuntu/Code/Android/nap511/app/src/main/java/github/zerorooot/nap511/viewmodel/FileViewModel.kt:626:45 Unresolved reference 'fileIco'.
e: file:///home/ubuntu/Code/Android/nap511/app/src/main/java/github/zerorooot/nap511/viewmodel/FileViewModel.kt:627:46 Unresolved reference 'fileIco'.
e: file:///home/ubuntu/Code/Android/nap511/app/src/main/java/github/zerorooot/nap511/viewmodel/FileViewModel.kt:628:46 Unresolved reference 'fileIco'.
e: file:///home/ubuntu/Code/Android/nap511/app/src/main/java/github/zerorooot/nap511/viewmodel/FileViewModel.kt:629:46 Unresolved reference 'fileIco'.
e: file:///home/ubuntu/Code/Android/nap511/app/src/main/java/github/zerorooot/nap511/viewmodel/FileViewModel.kt:630:46 Unresolved reference 'fileIco'.
e: file:///home/ubuntu/Code/Android/nap511/app/src/main/java/github/zerorooot/nap511/viewmodel/FileViewModel.kt:631:46 Unresolved reference 'fileIco'.
e: file:///home/ubuntu/Code/Android/nap511/app/src/main/java/github/zerorooot/nap511/viewmodel/FileViewModel.kt:632:50 Unresolved reference 'fileIco'.
e: file:///home/ubuntu/Code/Android/nap511/app/src/main/java/github/zerorooot/nap511/viewmodel/FileViewModel.kt:649:17 Argument type mismatch: actual type is 'Array<String>', but 'List<String>?' was expected.
e: file:///home/ubuntu/Code/Android/nap511/app/src/main/java/github/zerorooot/nap511/viewmodel/FileViewModel.kt:649:17 No value passed for parameter 'dirs'.
e: file:///home/ubuntu/Code/Android/nap511/app/src/main/java/github/zerorooot/nap511/viewmodel/RecycleViewModel.kt:78:28 Unresolved reference 'application'.
e: file:///home/ubuntu/Code/Android/nap511/app/src/main/java/github/zerorooot/nap511/viewmodel/RecycleViewModel.kt:96:28 Unresolved reference 'application'.
e: file:///home/ubuntu/Code/Android/nap511/app/src/main/java/github/zerorooot/nap511/viewmodel/RecycleViewModel.kt:109:28 Unresolved reference 'application'.
e: file:///home/ubuntu/Code/Android/nap511/app/src/main/java/github/zerorooot/nap511/viewmodel/RecycleViewModel.kt:131:17 Unresolved reference 'application'.

[Incubating] Problems report is available at: file:///home/ubuntu/Code/Android/nap511/build/reports/problems/problems-report.html

FAILURE: Build failed with an exception.

* What went wrong:
Execution failed for task ':app:compileDebugKotlin'.
> A failure occurred while executing org.jetbrains.kotlin.compilerRunner.btapi.BuildToolsApiCompilationWork
   > Compilation error. See log for more details

* Try:
> Run with --stacktrace option to get the stack trace.
> Run with --info or --debug option to get more log output.
> Run with --scan to get full insights from a Build Scan (powered by Develocity).
> Get more help at https://help.gradle.org.

BUILD FAILED in 1s
30 actionable tasks: 1 executed, 29 up-to-date
